[nicegank.github.io/index.html]
[backblue.gif]
[fade.gif]
[index.html]
[nicegank.github.io/favicon.ico]
[nicegank.github.io/assets/fontawesome/css/all.min.css]
[nicegank.github.io/assets/css/bootstrap.min.css]
[nicegank.github.io/assets/css/style.css]
[nicegank.github.io/assets/js/jquery-3.6.0.min.js]
[nicegank.github.io/SK.png]
[external.html]
[nicegank.github.io/assets/js/bootstrap.bundle.min.js]
[nicegank.github.io/login.html]
[nicegank.github.io/assets/fontawesome/webfonts/fa-brands-400.eot]
[nicegank.github.io/assets/fontawesome/webfonts/fa-brands-400d41d.eot]
[nicegank.github.io/assets/fontawesome/webfonts/fa-brands-400.woff2]
[nicegank.github.io/assets/fontawesome/webfonts/fa-brands-400.woff]
[nicegank.github.io/assets/fontawesome/webfonts/fa-brands-400.ttf]
[nicegank.github.io/assets/fontawesome/webfonts/fa-brands-400.svg]
[nicegank.github.io/assets/fontawesome/webfonts/fa-regular-400.eot]
[nicegank.github.io/assets/fontawesome/webfonts/fa-regular-400d41d.eot]
[nicegank.github.io/assets/fontawesome/webfonts/fa-regular-400.woff2]
[nicegank.github.io/assets/fontawesome/webfonts/fa-regular-400.woff]
[nicegank.github.io/assets/fontawesome/webfonts/fa-regular-400.ttf]
[nicegank.github.io/assets/fontawesome/webfonts/fa-regular-400.svg]
[nicegank.github.io/assets/fontawesome/webfonts/fa-solid-900.eot]
[nicegank.github.io/assets/fontawesome/webfonts/fa-solid-900d41d.eot]
[nicegank.github.io/assets/fontawesome/webfonts/fa-solid-900.woff2]
[nicegank.github.io/assets/fontawesome/webfonts/fa-solid-900.woff]
[nicegank.github.io/assets/fontawesome/webfonts/fa-solid-900.ttf]
[nicegank.github.io/assets/fontawesome/css/all.min.css]
[nicegank.github.io/assets/css/bootstrap.min.css]
[nicegank.github.io/assets/fontawesome/webfonts/fa-solid-900.svg]
[nicegank.github.io/assets/Thermal.otf]
[nicegank.github.io/assets/css/style.css]
[nicegank.github.io/assets/fontawesome/webfonts/fa-brands-400.svg]
[nicegank.github.io/assets/fontawesome/webfonts/fa-regular-400.svg]
[nicegank.github.io/assets/fontawesome/webfonts/fa-solid-900.svg]
